{"level":"info","message":"API rodando na porta 8000","timestamp":"2025-02-28T00:46:38.252Z"}
{"level":"info","message":"API rodando na porta 8000","timestamp":"2025-02-28T00:46:39.759Z"}
{"errorLabelSet":{},"level":"error","message":"Connection to DB failed Could not connect to any servers in your MongoDB Atlas cluster. One common reason is that you're trying to access the database from an IP that isn't whitelisted. Make sure your current IP address is on your Atlas cluster's IP whitelist: https://www.mongodb.com/docs/atlas/security-whitelist/","reason":{"commonWireVersion":0,"compatible":true,"heartbeatFrequencyMS":10000,"localThresholdMS":15,"logicalSessionTimeoutMinutes":null,"maxElectionId":null,"maxSetVersion":null,"servers":{"genericcluster-shard-00-00.ok7ag.mongodb.net:27017":{"$clusterTime":null,"address":"genericcluster-shard-00-00.ok7ag.mongodb.net:27017","arbiters":[],"electionId":null,"error":{"beforeHandshake":false,"errorLabelSet":{}},"hosts":[],"iscryptd":false,"lastUpdateTime":1139601301,"lastWriteDate":0,"logicalSessionTimeoutMinutes":null,"maxBsonObjectSize":null,"maxMessageSizeBytes":null,"maxWireVersion":0,"maxWriteBatchSize":null,"me":null,"minRoundTripTime":0,"minWireVersion":0,"passives":[],"primary":null,"roundTripTime":-1,"setName":null,"setVersion":null,"tags":{},"topologyVersion":null,"type":"Unknown"},"genericcluster-shard-00-01.ok7ag.mongodb.net:27017":{"$clusterTime":null,"address":"genericcluster-shard-00-01.ok7ag.mongodb.net:27017","arbiters":[],"electionId":null,"error":{"beforeHandshake":false,"errorLabelSet":{}},"hosts":[],"iscryptd":false,"lastUpdateTime":1139601411,"lastWriteDate":0,"logicalSessionTimeoutMinutes":null,"maxBsonObjectSize":null,"maxMessageSizeBytes":null,"maxWireVersion":0,"maxWriteBatchSize":null,"me":null,"minRoundTripTime":0,"minWireVersion":0,"passives":[],"primary":null,"roundTripTime":-1,"setName":null,"setVersion":null,"tags":{},"topologyVersion":null,"type":"Unknown"},"genericcluster-shard-00-02.ok7ag.mongodb.net:27017":{"$clusterTime":null,"address":"genericcluster-shard-00-02.ok7ag.mongodb.net:27017","arbiters":[],"electionId":null,"error":{"beforeHandshake":false,"errorLabelSet":{}},"hosts":[],"iscryptd":false,"lastUpdateTime":1139601271,"lastWriteDate":0,"logicalSessionTimeoutMinutes":null,"maxBsonObjectSize":null,"maxMessageSizeBytes":null,"maxWireVersion":0,"maxWriteBatchSize":null,"me":null,"minRoundTripTime":0,"minWireVersion":0,"passives":[],"primary":null,"roundTripTime":-1,"setName":null,"setVersion":null,"tags":{},"topologyVersion":null,"type":"Unknown"}},"setName":"atlas-v8pmee-shard-0","stale":false,"type":"ReplicaSetNoPrimary"},"stack":"MongooseServerSelectionError: Could not connect to any servers in your MongoDB Atlas cluster. One common reason is that you're trying to access the database from an IP that isn't whitelisted. Make sure your current IP address is on your Atlas cluster's IP whitelist: https://www.mongodb.com/docs/atlas/security-whitelist/\n    at _handleConnectionErrors (C:\\Programacao\\compass_uol\\desafio02\\physical_store_desafio_02\\node_modules\\mongoose\\lib\\connection.js:1165:11)\n    at NativeConnection.openUri (C:\\Programacao\\compass_uol\\desafio02\\physical_store_desafio_02\\node_modules\\mongoose\\lib\\connection.js:1096:11)","timestamp":"2025-02-28T00:47:09.809Z"}
{"level":"info","message":"API rodando na porta 8000","timestamp":"2025-02-28T00:49:17.026Z"}
{"level":"info","message":"connected to DB","timestamp":"2025-02-28T00:49:17.774Z"}
{"level":"info","message":"API rodando na porta 8000","timestamp":"2025-03-05T01:29:53.478Z"}
{"level":"info","message":"connected to DB","timestamp":"2025-03-05T01:29:54.250Z"}
{"level":"info","message":"Coordenadas para o CEP 62010290: lat=-3.686416971031473, lon=-40.34610030010391","timestamp":"2025-03-05T01:29:59.963Z"}
{"level":"info","message":"Encontradas 2 lojas próximas ao CEP 62010290: endereço: Sobral, Avenida Dom José Tupinambá da Frota,","timestamp":"2025-03-05T01:30:00.056Z"}
{"level":"info","message":"Loja \"Rações Fortaleza3\" criada","timestamp":"2025-03-05T01:30:06.311Z"}
{"level":"info","message":"API rodando na porta 8000","timestamp":"2025-03-05T18:26:42.099Z"}
{"level":"info","message":"connected to DB","timestamp":"2025-03-05T18:26:42.872Z"}
{"level":"info","message":"API rodando na porta 8000","timestamp":"2025-03-05T18:26:51.630Z"}
{"level":"info","message":"connected to DB","timestamp":"2025-03-05T18:26:52.373Z"}
{"level":"info","message":"API rodando na porta 8000","timestamp":"2025-03-05T18:29:08.879Z"}
{"level":"info","message":"connected to DB","timestamp":"2025-03-05T18:29:09.673Z"}
{"level":"info","message":"API rodando na porta 8000","timestamp":"2025-03-05T18:29:14.138Z"}
{"level":"info","message":"connected to DB","timestamp":"2025-03-05T18:29:14.907Z"}
{"level":"info","message":"API rodando na porta 8000","timestamp":"2025-03-05T18:29:24.730Z"}
{"level":"info","message":"API rodando na porta 8000","timestamp":"2025-03-05T18:29:26.047Z"}
{"level":"info","message":"connected to DB","timestamp":"2025-03-05T18:29:26.789Z"}
{"level":"info","message":"API rodando na porta 8000","timestamp":"2025-03-05T18:29:47.796Z"}
{"level":"info","message":"connected to DB","timestamp":"2025-03-05T18:29:48.583Z"}
{"level":"info","message":"API rodando na porta 8000","timestamp":"2025-03-05T18:29:50.457Z"}
{"level":"info","message":"connected to DB","timestamp":"2025-03-05T18:29:51.174Z"}
{"level":"info","message":"API rodando na porta 8000","timestamp":"2025-03-05T18:29:53.311Z"}
{"level":"info","message":"connected to DB","timestamp":"2025-03-05T18:29:54.074Z"}
{"level":"info","message":"API rodando na porta 8000","timestamp":"2025-03-05T18:29:55.647Z"}
{"level":"info","message":"connected to DB","timestamp":"2025-03-05T18:29:56.375Z"}
{"level":"info","message":"API rodando na porta 8000","timestamp":"2025-03-05T18:29:58.177Z"}
{"level":"info","message":"connected to DB","timestamp":"2025-03-05T18:29:58.888Z"}
{"level":"info","message":"API rodando na porta 8000","timestamp":"2025-03-05T18:30:04.236Z"}
{"level":"info","message":"connected to DB","timestamp":"2025-03-05T18:30:04.948Z"}
{"level":"info","message":"API rodando na porta 8000","timestamp":"2025-03-05T18:30:11.632Z"}
{"level":"info","message":"connected to DB","timestamp":"2025-03-05T18:30:12.480Z"}
{"level":"info","message":"API rodando na porta 8000","timestamp":"2025-03-05T18:30:19.944Z"}
{"level":"info","message":"connected to DB","timestamp":"2025-03-05T18:30:20.700Z"}
{"level":"info","message":"API rodando na porta 8000","timestamp":"2025-03-05T18:30:41.881Z"}
{"level":"info","message":"connected to DB","timestamp":"2025-03-05T18:30:42.650Z"}
{"level":"info","message":"API rodando na porta 8000","timestamp":"2025-03-05T18:30:48.176Z"}
{"level":"info","message":"connected to DB","timestamp":"2025-03-05T18:30:48.960Z"}
{"level":"info","message":"API rodando na porta 8000","timestamp":"2025-03-05T18:35:18.115Z"}
{"level":"info","message":"connected to DB","timestamp":"2025-03-05T18:35:18.952Z"}
